
> landing@0.0.3 build D:\ZEDECKLAB\ColabProjects\nhonguista\apps\landing
> next build

▲ Next.js 16.2.6 (Turbopack)

  Creating an optimized production build ...
✓ Compiled successfully in 28.9s
  Running TypeScript ...
  Finished TypeScript in 11.1s ...
  Collecting page data using 3 workers ...
  Generating static pages using 3 workers (0/10) ...
⚠ metadataBase property in metadata export is not set for resolving social open graph or twitter images, using "http://localhost:3000". See https://nextjs.org/docs/app/api-reference/functions/generate-metadata#metadatabase
  Generating static pages using 3 workers (2/10) 
  Generating static pages using 3 workers (4/10) 
  Generating static pages using 3 workers (7/10) 
✓ Generating static pages using 3 workers (10/10) in 1850ms
  Finalizing page optimization ...

Route (app)
┌ ○ /
├ ○ /_not-found
├ ○ /apple-icon.png
├ ○ /icon.png
├ ○ /login
├ ○ /opengraph-image.png
├ ○ /registo
├ ○ /servicos
└ ƒ /servicos/[id]


○  (Static)   prerendered as static content
ƒ  (Dynamic)  server-rendered on demand

